========================================================================
50x50 HEADLINE-IDENTICAL SWEEP
========================================================================
Grid:        {'grid_width': 50, 'grid_height': 50, 'extra_edges': 3, 'deactivate_prob': 0.22, 'node_deactivate_prob': 0.05}
Train 1x:    n_iter=10, eps/iter=200, batch=64
Oracles:     ['ClassicalAStar', 'QuantumInspiredStochasticOracle', 'FaithfulSimulatedQAOA']
mask_visited: True   <-- MASKED ACTION SPACE
Seeds:       [42]  (5 scenarios each = 5 cells)
S4 fix:      target_encoder.eval() in learn_from_batch (gnn_dqn.py)
Output dir:  runs\sweep_50x50_masked_gpu\seed42/

Sampling scenarios ...
  5 cells saved to runs\sweep_50x50_masked_gpu\seed42\cells.json

Buffer pre-check (seed=42, q=('Node_2147', 'Node_215')) ...
  Pre-seed buffer:  25 transitions (library: 18, goal-adj: 7)
  Batch size:       64
  Passes:           True
  Note: pre-seed (25) < batch_size (64).
        Buffer fills from online data ~episode 1 of iter 1.
  Estimated grad steps in iter 1: ~796
  Training WILL occur. Proceeding.

========================================================================
1x TIER -- 10 iters x 200 eps/iter x 64 batch
========================================================================

[ 1/5] seed=42  Node_2147 -> Node_215  euclid=49.7  n_iter=10
  warm_strict=True  cold_strict=False  warm_cost=596.9927258303649  dij=66.72867919065835  warm_grad=8000  wall=3176s

[ 2/5] seed=42  Node_1744 -> Node_504  euclid=46.6  n_iter=10
  warm_strict=True  cold_strict=True  warm_cost=87.21077842980199  dij=56.56343485779666  warm_grad=8000  wall=3177s

[ 3/5] seed=42  Node_321 -> Node_2100  euclid=45.5  n_iter=10
  warm_strict=True  cold_strict=False  warm_cost=685.6407830290825  dij=54.79796485559005  warm_grad=8000  wall=3225s

[ 4/5] seed=42  Node_160 -> Node_2146  euclid=53.1  n_iter=10
  warm_strict=True  cold_strict=True  warm_cost=463.1418220320155  dij=51.28783352584724  warm_grad=8000  wall=3086s

[ 5/5] seed=42  Node_1896 -> Node_1752  euclid=44.0  n_iter=10
  warm_strict=True  cold_strict=False  warm_cost=728.460340384577  dij=55.043989824581104  warm_grad=8000  wall=3210s

1x complete: 5 cells in 4.41 h (3175 s/cell)

4x projection: 17.6 h  deadline: 120 h (5 days)
Skipping 4x: QWARM_SKIP_4X=1 set by the operator.
Report written to runs\sweep_50x50_masked_gpu\seed42\REPORT.md

========================================================================
FINAL SUMMARY
========================================================================
  M1_win_ge_80pct: PASS  value=1.0000
  M2_mean_cost_ratio_le_5: FAIL  value=9.0530
  M3_paired_p_lt_001: FAIL  value=0.1606

  Output: runs\sweep_50x50_masked_gpu\seed42/
========================================================================
