========================================================================
50x50 HEADLINE-IDENTICAL SWEEP
========================================================================
Grid:        {'grid_width': 50, 'grid_height': 50, 'extra_edges': 3, 'deactivate_prob': 0.22, 'node_deactivate_prob': 0.05}
Train 1x:    n_iter=10, eps/iter=200, batch=64
Oracles:     ['ClassicalAStar', 'QuantumInspiredStochasticOracle', 'FaithfulSimulatedQAOA']
mask_visited: False
Seeds:       [42]  (5 scenarios each = 5 cells)
S4 fix:      target_encoder.eval() in learn_from_batch (gnn_dqn.py)
Output dir:  runs\sweep_50x50_reactive_ctrl\seed42/

Sampling scenarios ...
  5 cells saved to runs\sweep_50x50_reactive_ctrl\seed42\cells.json

Buffer pre-check (seed=42, q=('Node_2147', 'Node_215')) ...
  Pre-seed buffer:  25 transitions (library: 18, goal-adj: 7)
  Batch size:       64
  Passes:           True
  Note: pre-seed (25) < batch_size (64).
        Buffer fills from online data ~episode 1 of iter 1.
  Estimated grad steps in iter 1: ~796
  Training WILL occur. Proceeding.

========================================================================
1x TIER -- 10 iters x 200 eps/iter x 64 batch
========================================================================

[ 1/5] seed=42  Node_2147 -> Node_215  euclid=49.7  n_iter=10
  warm_strict=True  cold_strict=False  warm_cost=295.21656499948284  dij=66.72867919065835  warm_grad=8000  wall=2747s

[ 2/5] seed=42  Node_1744 -> Node_504  euclid=46.6  n_iter=10
  warm_strict=True  cold_strict=False  warm_cost=87.21077842980199  dij=56.56343485779666  warm_grad=8000  wall=2801s

[ 3/5] seed=42  Node_321 -> Node_2100  euclid=45.5  n_iter=10
  warm_strict=True  cold_strict=False  warm_cost=485.6250247840413  dij=54.79796485559005  warm_grad=8000  wall=2845s

[ 4/5] seed=42  Node_160 -> Node_2146  euclid=53.1  n_iter=10
  warm_strict=True  cold_strict=False  warm_cost=549.3531634933643  dij=51.28783352584724  warm_grad=8000  wall=2837s

[ 5/5] seed=42  Node_1896 -> Node_1752  euclid=44.0  n_iter=10
  warm_strict=True  cold_strict=False  warm_cost=1143.2384335098345  dij=55.043989824581104  warm_grad=8000  wall=2830s

1x complete: 5 cells in 3.91 h (2812 s/cell)

4x projection: 15.6 h  deadline: 120 h (5 days)
Skipping 4x: QWARM_SKIP_4X=1 set by the operator.
Report written to runs\sweep_50x50_reactive_ctrl\seed42\REPORT.md

========================================================================
FINAL SUMMARY
========================================================================
  M1_win_ge_80pct: PASS  value=1.0000
  M2_mean_cost_ratio_le_5: FAIL  value=9.2618
  M3_paired_p_lt_001: FAIL  value=N/A

  Output: runs\sweep_50x50_reactive_ctrl\seed42/
========================================================================
