========================================================================
50x50 HEADLINE-IDENTICAL SWEEP
========================================================================
Grid:        {'grid_width': 50, 'grid_height': 50, 'extra_edges': 3, 'deactivate_prob': 0.22, 'node_deactivate_prob': 0.05}
Train 1x:    n_iter=10, eps/iter=200, batch=64
Oracles:     ['ClassicalAStar', 'QuantumInspiredStochasticOracle', 'FaithfulSimulatedQAOA']
mask_visited: True   <-- MASKED ACTION SPACE
Seeds:       [7]  (5 scenarios each = 5 cells)
S4 fix:      target_encoder.eval() in learn_from_batch (gnn_dqn.py)
Output dir:  runs\sweep_50x50_masked_gpu\seed7/

Sampling scenarios ...
  5 cells saved to runs\sweep_50x50_masked_gpu\seed7\cells.json

Buffer pre-check (seed=7, q=('Node_14', 'Node_1250')) ...
  Pre-seed buffer:  74 transitions (library: 67, goal-adj: 7)
  Batch size:       64
  Passes:           True
  Pre-seed >= batch_size. Grad steps from episode 1.
  Estimated grad steps in iter 1: ~800

========================================================================
1x TIER -- 10 iters x 200 eps/iter x 64 batch
========================================================================

[ 1/5] seed=7  Node_14 -> Node_1250  euclid=43.3  n_iter=10
  warm_strict=True  cold_strict=True  warm_cost=555.272419916551  dij=48.74725801693423  warm_grad=8000  wall=3205s

[ 2/5] seed=7  Node_2054 -> Node_329  euclid=43.0  n_iter=10
  warm_strict=True  cold_strict=True  warm_cost=46.39396092796406  dij=46.39396092796405  warm_grad=8000  wall=3143s

[ 3/5] seed=7  Node_401 -> Node_2144  euclid=54.8  n_iter=10
  warm_strict=True  cold_strict=True  warm_cost=670.4251611052745  dij=51.32874587815299  warm_grad=8000  wall=3239s

[ 4/5] seed=7  Node_10 -> Node_1544  euclid=45.3  n_iter=10
  warm_strict=True  cold_strict=False  warm_cost=870.523355778201  dij=66.55332921033745  warm_grad=8000  wall=3273s

[ 5/5] seed=7  Node_1600 -> Node_106  euclid=52.7  n_iter=10
  warm_strict=False  cold_strict=False  warm_cost=None  dij=None  warm_grad=8000  wall=3032s

1x complete: 5 cells in 4.41 h (3179 s/cell)

4x projection: 17.7 h  deadline: 120 h (5 days)
Skipping 4x: QWARM_SKIP_4X=1 set by the operator.
Report written to runs\sweep_50x50_masked_gpu\seed7\REPORT.md

========================================================================
FINAL SUMMARY
========================================================================
  M1_win_ge_80pct: PASS  value=0.8000
  M2_mean_cost_ratio_le_5: FAIL  value=9.6331
  M3_paired_p_lt_001: FAIL  value=0.1750

  Output: runs\sweep_50x50_masked_gpu\seed7/
========================================================================
