========================================================================
50x50 HEADLINE-IDENTICAL SWEEP
========================================================================
Grid:        {'grid_width': 50, 'grid_height': 50, 'extra_edges': 3, 'deactivate_prob': 0.22, 'node_deactivate_prob': 0.05}
Train 1x:    n_iter=10, eps/iter=200, batch=64
Oracles:     ['ClassicalAStar', 'QuantumInspiredStochasticOracle', 'FaithfulSimulatedQAOA']
mask_visited: False
Seeds:       [2024]  (5 scenarios each = 5 cells)
S4 fix:      target_encoder.eval() in learn_from_batch (gnn_dqn.py)
Output dir:  runs\sweep_50x50_reactive_ctrl\seed2024/

Sampling scenarios ...
  5 cells saved to runs\sweep_50x50_reactive_ctrl\seed2024\cells.json

Buffer pre-check (seed=2024, q=('Node_2490', 'Node_197')) ...
  Pre-seed buffer:  59 transitions (library: 50, goal-adj: 9)
  Batch size:       64
  Passes:           True
  Note: pre-seed (59) < batch_size (64).
        Buffer fills from online data ~episode 1 of iter 1.
  Estimated grad steps in iter 1: ~796
  Training WILL occur. Proceeding.

========================================================================
1x TIER -- 10 iters x 200 eps/iter x 64 batch
========================================================================

[ 1/5] seed=2024  Node_2490 -> Node_197  euclid=46.5  n_iter=10
  warm_strict=True  cold_strict=False  warm_cost=1081.0684312534697  dij=62.05520271612268  warm_grad=8000  wall=748s

[ 2/5] seed=2024  Node_453 -> Node_2285  euclid=48.2  n_iter=10
  warm_strict=True  cold_strict=True  warm_cost=3693.9555841115684  dij=57.14338161528373  warm_grad=7988  wall=746s

[ 3/5] seed=2024  Node_696 -> Node_1803  euclid=48.8  n_iter=10
