========================================================================
50x50 HEADLINE-IDENTICAL SWEEP
========================================================================
Grid:        {'grid_width': 50, 'grid_height': 50, 'extra_edges': 3, 'deactivate_prob': 0.22, 'node_deactivate_prob': 0.05}
Train 1x:    n_iter=10, eps/iter=200, batch=64
Oracles:     ['ClassicalAStar', 'QuantumInspiredStochasticOracle', 'FaithfulSimulatedQAOA']
mask_visited: False
Seeds:       [1337]  (5 scenarios each = 5 cells)
S4 fix:      target_encoder.eval() in learn_from_batch (gnn_dqn.py)
Output dir:  runs\sweep_50x50_reactive_ctrl\seed1337/

Sampling scenarios ...
  5 cells saved to runs\sweep_50x50_reactive_ctrl\seed1337\cells.json

Buffer pre-check (seed=1337, q=('Node_2435', 'Node_906')) ...
  Pre-seed buffer:  80 transitions (library: 68, goal-adj: 12)
  Batch size:       64
  Passes:           True
  Pre-seed >= batch_size. Grad steps from episode 1.
  Estimated grad steps in iter 1: ~800

========================================================================
1x TIER -- 10 iters x 200 eps/iter x 64 batch
========================================================================

[ 1/5] seed=1337  Node_2435 -> Node_906  euclid=41.7  n_iter=10
  warm_strict=True  cold_strict=False  warm_cost=157.3911305252189  dij=53.57155443838012  warm_grad=8000  wall=740s

[ 2/5] seed=1337  Node_555 -> Node_1047  euclid=43.0  n_iter=10
  warm_strict=True  cold_strict=False  warm_cost=3808.51494707569  dij=52.311412115538104  warm_grad=8000  wall=746s

[ 3/5] seed=1337  Node_2254 -> Node_1149  euclid=50.5  n_iter=10
