
======================================================
  STAGE 1/3  50x50 single-query, masked, 1x tier
  started 2026-08-10 21:14:01
======================================================
[stage 1] exit=0 finished 2026-08-11 07:39:49

======================================================
  STAGE 2/3  50x50 multi-query, masked, 3 seeds
  started 2026-08-11 07:39:49
======================================================
--- seed 42  2026-08-11 07:39:49 ---
--- seed 1337  2026-08-11 10:29:34 ---
--- seed 2024  2026-08-11 13:08:17 ---
[stage 2] finished 2026-08-11 15:43:45

======================================================
  STAGE 3/3  100x100 single-query, masked
  started 2026-08-11 15:43:45
======================================================
[stage 3] exit=0 finished 2026-08-12 01:21:58

ALL STAGES DONE 2026-08-12 01:21:58
Analyse with:
  ./.venv/Scripts/python.exe scripts/analysis/analyse_masked.py      # edit NEW= per stage
  ./.venv/Scripts/python.exe scripts/analysis/analyse_mq_masked.py   # edit glob to _50x50_mq_masked
