
Phase 3 — Multi-seed x Multi-scenario Sweep
Seeds: [42, 1337, 2024, 7, 314159]  Scenarios/seed: 5
Total cells: 25  k_threshold=3.0

  [ 1/25] seed=42 Node_537->Node_54 (dist=20.6)
         [warm: pre-seeding...]
         [warm: done in 346s, evaluating...]
         [cold: training...]
         [cold: done in 224s]
         warm=550  cold=210  COLD<warm  (576s)
  [ 2/25] seed=42 Node_476->Node_449 (dist=23.1)
         [warm: pre-seeding...]
         [warm: done in 364s, evaluating...]
         [cold: training...]
         [cold: done in 168s]
         warm=116  cold=inf  warm<cold  (537s)
  [ 3/25] seed=42 Node_81->Node_525 (dist=25.5)
         [warm: pre-seeding...]
         [warm: done in 293s, evaluating...]
         [cold: training...]
         [cold: done in 168s]
         warm=267  cold=2715  warm<cold  (466s)
  [ 4/25] seed=42 Node_274->Node_101 (dist=23.8)
         [warm: pre-seeding...]
         [warm: done in 282s, evaluating...]
         [cold: training...]
         [cold: done in 165s]
         warm=23  cold=1023  warm<cold  (452s)
  [ 5/25] seed=42 Node_427->Node_398 (dist=21.1)
         [warm: pre-seeding...]
         [warm: done in 288s, evaluating...]
         [cold: training...]
         [cold: done in 164s]
         warm=1208  cold=inf  warm<cold  (456s)
  [ 6/25] seed=1337 Node_576->Node_245 (dist=23.6)
         [warm: pre-seeding...]
         [warm: done in 289s, evaluating...]
         [cold: training...]
         [cold: done in 160s]
         warm=549  cold=inf  warm<cold  (453s)
  [ 7/25] seed=1337 Node_562->Node_150 (dist=21.4)
         [warm: pre-seeding...]
         [warm: done in 297s, evaluating...]
         [cold: training...]
         [cold: done in 162s]
         warm=44  cold=inf  warm<cold  (463s)
  [ 8/25] seed=1337 Node_41->Node_451 (dist=22.7)
         [warm: pre-seeding...]
         [warm: done in 292s, evaluating...]
         [cold: training...]
         [cold: done in 162s]
         warm=88  cold=2478  warm<cold  (458s)
  [ 9/25] seed=1337 Node_482->Node_250 (dist=20.6)
         [warm: pre-seeding...]
         [warm: done in 296s, evaluating...]
         [cold: training...]
         [cold: done in 170s]
         warm=324  cold=719  warm<cold  (470s)
  [10/25] seed=1337 Node_177->Node_599 (dist=27.2)
         [warm: pre-seeding...]
         [warm: done in 292s, evaluating...]
         [cold: training...]
         [cold: done in 169s]
         warm=71  cold=inf  warm<cold  (466s)
  [11/25] seed=2024 Node_423->Node_58 (dist=20.5)
         [warm: pre-seeding...]
         [warm: done in 291s, evaluating...]
         [cold: training...]
         [cold: done in 170s]
         warm=54  cold=inf  warm<cold  (466s)
  [12/25] seed=2024 Node_623->Node_50 (dist=23.1)
         [warm: pre-seeding...]
         [warm: done in 293s, evaluating...]
         [cold: training...]
         [cold: done in 169s]
         warm=inf  cold=inf  COLD<warm  (467s)
  [13/25] seed=2024 Node_50->Node_104 (dist=21.2)
         [warm: pre-seeding...]
         [warm: done in 287s, evaluating...]
         [cold: training...]
         [cold: done in 168s]
         warm=1526  cold=inf  warm<cold  (460s)
  [14/25] seed=2024 Node_174->Node_451 (dist=25.9)
         [warm: pre-seeding...]
         [warm: done in 292s, evaluating...]
         [cold: training...]
         [cold: done in 164s]
         warm=27  cold=27  COLD<warm  (461s)
  [15/25] seed=2024 Node_562->Node_123 (dist=21.1)
         [warm: pre-seeding...]
         [warm: done in 593s, evaluating...]
         [cold: training...]
         [cold: done in 545s]
         warm=86  cold=1140  warm<cold  (1144s)
  [16/25] seed=7 Node_160->Node_620 (dist=20.6)
         [warm: pre-seeding...]
         [warm: done in 393s, evaluating...]
         [cold: training...]
         [cold: done in 150s]
         warm=408  cold=inf  warm<cold  (550s)
  [17/25] seed=7 Node_155->Node_621 (dist=24.1)
         [warm: pre-seeding...]
         [warm: done in 243s, evaluating...]
         [cold: training...]
         [cold: done in 155s]
         warm=114  cold=1033  warm<cold  (403s)
  [18/25] seed=7 Node_121->Node_606 (dist=25.0)
         [warm: pre-seeding...]
         [warm: done in 243s, evaluating...]
         [cold: training...]
         [cold: done in 144s]
         warm=215  cold=inf  warm<cold  (391s)
  [19/25] seed=7 Node_168->Node_604 (dist=22.8)
         [warm: pre-seeding...]
         [warm: done in 243s, evaluating...]
         [cold: training...]
         [cold: done in 152s]
         warm=57  cold=2389  warm<cold  (400s)
  [20/25] seed=7 Node_551->Node_117 (dist=24.1)
         [warm: pre-seeding...]
         [warm: done in 228s, evaluating...]
         [cold: training...]
         [cold: done in 152s]
         warm=123  cold=3347  warm<cold  (385s)
  [21/25] seed=314159 Node_77->Node_494 (dist=23.3)
         [warm: pre-seeding...]
         [warm: done in 243s, evaluating...]
         [cold: training...]
         [cold: done in 150s]
         warm=195  cold=158  COLD<warm  (398s)
  [22/25] seed=314159 Node_326->Node_625 (dist=26.4)
         [warm: pre-seeding...]
         [warm: done in 245s, evaluating...]
         [cold: training...]
         [cold: done in 153s]
         warm=86  cold=inf  warm<cold  (403s)
  [23/25] seed=314159 Node_205->Node_549 (dist=23.0)
         [warm: pre-seeding...]
         [warm: done in 233s, evaluating...]
         [cold: training...]
         [cold: done in 142s]
         warm=52  cold=inf  warm<cold  (380s)
  [24/25] seed=314159 Node_399->Node_401 (dist=23.0)
         [warm: pre-seeding...]
         [warm: done in 235s, evaluating...]
         [cold: training...]
         [cold: done in 148s]
         warm=181  cold=inf  warm<cold  (388s)
  [25/25] seed=314159 Node_551->Node_623 (dist=22.1)
         [warm: pre-seeding...]
         [warm: done in 239s, evaluating...]
         [cold: training...]
         [cold: done in 153s]
         warm=110  cold=1687  warm<cold  (397s)

Sweep complete in 198.2 min

=================================================================
  MULTI-SEED x MULTI-SCENARIO SWEEP — AGGREGATE RESULTS
=================================================================
  Cells: 25  (5 seeds x 5 scenarios)
  Training config: 25x25 grid, 5 iters x 100 eps, expert_ratio=0.4
-----------------------------------------------------------------
  Metric                                         Warm       Cold  p-val
  ---------------------------------------- ---------- ----------  ------
  Composite cost (mean+/-std)                   270+-373      1410+-1103  0.0000
  Reasonable-reach rate (k=3)                  56.00%       4.00%
  Inference latency ms (mean+/-std)           12.4+-21.6     51.6+-32.9  0.0000
  Win rate (warm < cold)                       84.00%
-----------------------------------------------------------------

  Gates:
    M1  win_rate >= 0.80:             84.00%  PASS
    M2  mean warm/dijkstra <= 5.0:    5.10  FAIL
    M3  paired t-test p < 0.01:       0.0000  PASS
=================================================================

  Results saved to runs\sweep_phase3_unmasked_ctrl.json
