scale    state     scenario                  T  opt_cost   undisc   G(g=0.95)   G(g=0.99)  G(g=0.997)  invalid
--------------------------------------------------------------------------------------------------------------
25x25    fresh     seed191664964_s0          5      45.5     54.5       41.21       51.69       53.67     -5.0
25x25    perturbed seed191664964_s0          5      67.1     32.9       20.97       30.32       32.09     -5.0
25x25    fresh     seed191664964_s1          6      37.3     62.7       46.18       59.14       61.65     -5.0
25x25    perturbed seed191664964_s1          5      55.8     44.2       32.38       41.66       43.42     -5.0
25x25    fresh     seed191664964_s2          7      40.4     59.6       39.53       55.11       58.21     -5.0
25x25    perturbed seed191664964_s2          4      69.5     30.5       19.85       28.23       29.78     -5.0
25x25    fresh     seed191664964_s3          4      10.4     89.6       76.09       86.79       88.76     -5.0
25x25    perturbed seed191664964_s3          2      16.2     83.8       79.12       82.88       83.54     -5.0
25x25    fresh     seed191664964_s4          7      42.1     57.9       37.14       53.29       56.50     -5.0
25x25    perturbed seed191664964_s4          8      72.4     27.6        9.42       23.44       26.35     -5.0
50x50    fresh     seed191664964_s0          5      35.0     65.0       49.82       61.72       63.97     -5.0
50x50    perturbed seed191664964_s0          4      47.9     52.1       40.65       49.67       51.34     -5.0
50x50    fresh     seed191664964_s1          9      34.8     65.2       37.75       58.83       63.23     -5.0
50x50    perturbed seed191664964_s1          6      50.7     49.3       33.59       45.87       48.27     -5.0
50x50    fresh     seed191664964_s2          5      28.9     71.1       54.98       67.71       70.11     -5.0
50x50    perturbed seed191664964_s2          5      40.8     59.2       44.44       56.06       58.25     -5.0
50x50    fresh     seed191664964_s3          6      42.2     57.8       39.65       53.82       56.57     -5.0
50x50    perturbed seed191664964_s3          5      54.2     45.8       33.07       43.11       45.01     -5.0
50x50    fresh     seed191664964_s4         10      42.9     57.1       29.94       50.63       55.09     -5.0
50x50    perturbed seed191664964_s4          7      62.3     37.7       20.15       33.77       36.51     -5.0
100x100  fresh     seed191664964_s0          7      44.4     55.6       35.13       51.01       54.19     -5.0
100x100  perturbed seed191664964_s0          7      65.0     35.0       18.73       31.37       33.89     -5.0
100x100  fresh     seed191664964_s1          9      39.9     60.1       32.07       53.64       58.14     -5.0
100x100  perturbed seed191664964_s1          8      68.7     31.3        9.66       26.39       29.83     -5.0
100x100  fresh     seed191664964_s2          9      36.6     63.4       36.58       57.18       61.50     -5.0
100x100  perturbed seed191664964_s2          9      45.7     54.3       29.29       48.47       52.51     -5.0
100x100  fresh     seed191664964_s3          7      44.9     55.1       35.95       50.80       53.77     -5.0
100x100  perturbed seed191664964_s3          7      85.1     14.9       -1.24       11.29       13.82     -5.0
100x100  fresh     seed191664964_s4          5      37.0     63.0       47.16       59.63       61.99     -5.0
100x100  perturbed seed191664964_s4          8      70.8     29.2       10.52       24.86       27.84     -5.0

MEANS over reachable scenarios (G > -5 means reaching the goal beats an immediate invalid action):
scale    state       n      T  opt_cost   G(g=0.95)   G(g=0.99)  G(g=0.997)  beats -5?
--------------------------------------------------------------------------------------
25x25    fresh       5    5.8      35.1       48.03       61.21       63.76  g=0.95:YES g=0.99:YES g=0.997:YES
25x25    perturbed   5    4.8      56.2       32.35       41.31       43.04  g=0.95:YES g=0.99:YES g=0.997:YES
50x50    fresh       5    7.0      36.8       42.43       58.54       61.79  g=0.95:YES g=0.99:YES g=0.997:YES
50x50    perturbed   5    5.4      51.2       34.38       45.70       47.88  g=0.95:YES g=0.99:YES g=0.997:YES
100x100  fresh       5    7.4      40.6       37.38       54.45       57.92  g=0.95:YES g=0.99:YES g=0.997:YES
100x100  perturbed   5    7.8      67.0       13.39       28.48       31.58  g=0.95:YES g=0.99:YES g=0.997:YES
