
=== 25x25, extra_edges=2  (AS USED, smoke) ===
  nodes 625, edges 2436 (grid-only would be 1200); extra chords ~= 1236
  mean degree 7.8
  hop distance over 37,440 pairs: mean 3.48  median 4  IQR [3, 4] = 1 hops  max 5
  eccentricity (max over sampled sources): 5
  distribution: 1:1%  2:8%  3:36%  4:52%  5:3%

=== 25x25, extra_edges=0  (pure grid control) ===
  nodes 625, edges 1200 (grid-only would be 1200); extra chords ~= 0
  mean degree 3.8
  hop distance over 37,440 pairs: mean 17.27  median 17  IQR [11, 23] = 12 hops  max 47
  eccentricity (max over sampled sources): 47
  distribution: 2:1%  3:2%  4:2%  5:2%  6:3%  7:3%  8:3%  9:4%  10:4%  11:4%  12:4%  13:4%  14:4%  15:4%  16:4%  17:4%  18:4%  19:4%  20:4%  21:4%  22:4%  23:3%  24:3%  25:3%  26:3%  27:2%  28:2%  29:2%  30:2%  31:1%  32:1%  33:1%

=== 50x50, extra_edges=3  (AS USED: run_sweep_50x50.py, run_fleet_mode.py) ===
  nodes 2500, edges 12375 (grid-only would be 4900); extra chords ~= 7475
  mean degree 9.9
  hop distance over 149,940 pairs: mean 3.73  median 4  IQR [3, 4] = 1 hops  max 5
  eccentricity (max over sampled sources): 5
  distribution: 2:3%  3:25%  4:65%  5:6%

=== 50x50, extra_edges=4  (NOT USED by any experiment -- kept for reference) ===
  nodes 2500, edges 14869 (grid-only would be 4900); extra chords ~= 9969
  mean degree 11.9
  hop distance over 149,940 pairs: mean 3.49  median 4  IQR [3, 4] = 1 hops  max 5
  eccentricity (max over sampled sources): 5
  distribution: 2:5%  3:40%  4:54%

=== 50x50, extra_edges=0  (pure grid control) ===
  nodes 2500, edges 4900 (grid-only would be 4900); extra chords ~= 0
  mean degree 3.9
  hop distance over 149,940 pairs: mean 34.75  median 34  IQR [21, 47] = 26 hops  max 96
  eccentricity (max over sampled sources): 96
  distribution: 8:1%  9:1%  10:1%  11:1%  12:1%  13:1%  14:2%  15:2%  16:2%  17:2%  18:2%  19:2%  20:2%  21:2%  22:2%  23:2%  24:2%  25:2%  26:2%  27:2%  28:2%  29:2%  30:2%  31:2%  32:2%  33:2%  34:2%  35:2%  36:2%  37:2%  38:2%  39:2%  40:2%  41:2%  42:2%  43:2%  44:2%  45:2%  46:2%  47:2%  48:2%  49:2%  50:1%  51:1%  52:1%  53:1%  54:1%  55:1%  56:1%

=== 100x100, extra_edges=4 (AS USED, headline) ===
  nodes 10000, edges 59763 (grid-only would be 19800); extra chords ~= 39963
  mean degree 12.0
  hop distance over 599,940 pairs: mean 4.03  median 4  IQR [4, 4] = 0 hops  max 5
  eccentricity (max over sampled sources): 5
  distribution: 2:1%  3:13%  4:66%  5:19%

=== 100x100, extra_edges=0 (pure grid control) ===
  nodes 10000, edges 19800 (grid-only would be 19800); extra chords ~= 0
  mean degree 4.0
  hop distance over 599,940 pairs: mean 67.71  median 65  IQR [42, 91] = 49 hops  max 194
  eccentricity (max over sampled sources): 194
  distribution: 41:1%  42:1%  43:1%  44:1%  45:1%  46:1%  47:1%  48:1%  49:1%  50:1%  51:1%  52:1%  53:1%  54:1%  55:1%  56:1%  57:1%  58:1%  59:1%  60:1%  61:1%  62:1%  63:1%  64:1%  65:1%  66:1%  67:1%  68:1%  69:1%  70:1%  71:1%  72:1%  73:1%  74:1%  75:1%  76:1%  77:1%
