
==========================================================================
25x25, extra_edges=2   (AS USED -- small world, diameter 5)   (20 solvable pairs)
==========================================================================
  optimal path: median 4 hops (max 8), median composite cost 37

  lambda_shape | gamma=0.95  ret / beats -5 | gamma=0.99  ret / beats -5
           0.0 |       50.3 / 20/20 |       60.5 / 20/20
           0.5 |       66.9 / 20/20 |       78.8 / 20/20
           1.0 |       85.7 / 20/20 |       97.0 / 20/20
           2.0 |      117.3 / 20/20 |      132.8 / 20/20
           4.0 |      187.9 / 20/20 |      206.2 / 20/20
           8.0 |      319.5 / 20/20 |      352.9 / 20/20

==========================================================================
25x25, extra_edges=0   (PURE GRID -- diameter 47)   (20 solvable pairs)
==========================================================================
  optimal path: median 22 hops (max 39), median composite cost 230

  lambda_shape | gamma=0.95  ret / beats -5 | gamma=0.99  ret / beats -5
           0.0 |      -96.4 /  2/20 |     -126.1 /  2/20
           0.5 |      -36.9 /  6/20 |      -23.0 /  8/20
           1.0 |       34.1 / 20/20 |       81.0 / 20/20
           2.0 |      161.6 / 20/20 |      279.3 / 20/20
           4.0 |      403.2 / 20/20 |      691.1 / 20/20
           8.0 |      898.7 / 20/20 |     1514.0 / 20/20

==========================================================================
50x50, extra_edges=0   (PURE GRID -- diameter 96)   (20 solvable pairs)
==========================================================================
  optimal path: median 35 hops (max 70), median composite cost 362

  lambda_shape | gamma=0.95  ret / beats -5 | gamma=0.99  ret / beats -5
           0.0 |     -140.4 /  1/20 |     -237.1 /  1/20
           0.5 |      -63.1 /  1/20 |      -82.8 /  2/20
           1.0 |       17.5 / 20/20 |       71.1 / 20/20
           2.0 |      178.4 / 20/20 |      374.4 / 20/20
           4.0 |      495.5 / 20/20 |      991.9 / 20/20
           8.0 |     1136.9 / 20/20 |     2226.9 / 20/20
