arms=['persistent', 'dqfd_pretrain', 'bc_pretrain', 'cold']  n_pre=1000  iters=10  eps=200  torch=2.11.0+cu128  device=cuda:0  smoke=False
  seed=1337 seed1173222464_s0 persistent       reach=True cost=1239.9270047554005 steps=8000 t=1906s
  seed=1337 seed1173222464_s0 dqfd_pretrain    reach=False cost=None steps=8996 t=4675s
  seed=1337 seed1173222464_s0 bc_pretrain      reach=False cost=None steps=9000 t=1710s
  seed=1337 seed1173222464_s0 cold             reach=False cost=None steps=8000 t=1526s
  seed=1337 seed1173222464_s1 persistent       reach=True cost=743.8146333008027 steps=8000 t=1932s
  seed=1337 seed1173222464_s1 dqfd_pretrain    reach=True cost=379.973893936199 steps=9000 t=1879s
  seed=1337 seed1173222464_s1 bc_pretrain      reach=True cost=865.0376742888168 steps=9000 t=1654s
  seed=1337 seed1173222464_s1 cold             reach=True cost=432.57878694611384 steps=8000 t=1484s
  seed=1337 seed1173222464_s2 persistent       reach=True cost=492.8745585949508 steps=8000 t=1908s
  seed=1337 seed1173222464_s2 dqfd_pretrain    reach=True cost=1469.0196683426607 steps=9000 t=1945s
  seed=1337 seed1173222464_s2 bc_pretrain      reach=False cost=None steps=9000 t=1656s
  seed=1337 seed1173222464_s2 cold             reach=True cost=3334.3610211800938 steps=8000 t=1464s
  seed=1337 seed1173222464_s3 persistent       reach=True cost=374.4503166242272 steps=8000 t=1907s
  seed=1337 seed1173222464_s3 dqfd_pretrain    reach=True cost=2024.8092924931811 steps=9000 t=1889s
  seed=1337 seed1173222464_s3 bc_pretrain      reach=False cost=None steps=9000 t=6259s
  seed=1337 seed1173222464_s3 cold             reach=False cost=None steps=8000 t=1565s
  seed=1337 seed1173222464_s4 persistent       reach=True cost=277.0777460255652 steps=8000 t=1888s
  seed=1337 seed1173222464_s4 dqfd_pretrain    reach=True cost=1368.6869011836775 steps=9000 t=1919s
  seed=1337 seed1173222464_s4 bc_pretrain      reach=True cost=58.15779545182806 steps=9000 t=1587s
  seed=1337 seed1173222464_s4 cold             reach=False cost=None steps=8000 t=1327s
{
  "n_cells": 23,
  "arms": {
    "persistent": {
      "reach": 20,
      "n": 23,
      "reach_1000": 20
    },
    "dqfd_pretrain": {
      "reach": 9,
      "n": 23,
      "reach_1000": 11
    },
    "bc_pretrain": {
      "reach": 7,
      "n": 23,
      "reach_1000": 10
    },
    "cold": {
      "reach": 8,
      "n": 23,
      "reach_1000": 10
    }
  },
  "tests": {
    "persistent_vs_dqfd_pretrain": {
      "reach": {
        "b_first_only": 11,
        "c_second_only": 0,
        "p_exact": 0.0009765625,
        "p_holm": 0.0009765625
      },
      "cost": {
        "n_both_reached": 9,
        "p": 0.30078125,
        "first_cheaper": 6
      }
    },
    "persistent_vs_bc_pretrain": {
      "reach": {
        "b_first_only": 13,
        "c_second_only": 0,
        "p_exact": 0.000244140625,
        "p_holm": 0.00048828125
      },
      "cost": {
        "n_both_reached": 7,
        "p": 0.578125,
        "first_cheaper": 5
      }
    },
    "persistent_vs_cold": {
      "reach": {
        "b_first_only": 12,
        "c_second_only": 0,
        "p_exact": 0.00048828125
      },
      "cost": {
        "n_both_reached": 8,
        "p": 0.0390625,
        "first_cheaper": 6
      }
    },
    "dqfd_pretrain_vs_cold": {
      "reach": {
        "b_first_only": 5,
        "c_second_only": 4,
        "p_exact": 1.0
      },
      "cost": {
        "n_both_reached": 4,
        "p": null,
        "first_cheaper": null
      }
    },
    "bc_pretrain_vs_cold": {
      "reach": {
        "b_first_only": 3,
        "c_second_only": 4,
        "p_exact": 1.0
      },
      "cost": {
        "n_both_reached": 4,
        "p": null,
        "first_cheaper": null
      }
    }
  },
  "eval_state_consistent_cells": 23
}
